濡傛灉鏌愪釜鏄剧ず 鉂岋紝璇存槑璇ュ瓧娈典繚瀛樻湁闂
